2026-05-19 15:59:55,816 - __main__ - INFO - 调试模式已启用
2026-05-19 15:59:55,817 - __main__ - INFO - 日志文件保存已启用
2026-05-19 15:59:55,817 - __main__ - INFO - 启动模式: GUI
2026-05-19 15:59:55,817 - __main__ - INFO - ==================================================
2026-05-19 15:59:55,817 - __main__ - INFO - AI电脑控制 - 服务启动
2026-05-19 15:59:55,818 - __main__ - INFO - ==================================================
2026-05-19 15:59:55,818 - __main__ - INFO - 运行模式: GUI
2026-05-19 15:59:55,818 - __main__ - INFO - 调试模式: 启用
2026-05-19 15:59:55,818 - __main__ - INFO - Web服务: 启用
2026-05-19 15:59:55,818 - __main__ - INFO - 视频剪辑服务: 启用
2026-05-19 15:59:55,819 - __main__ - INFO - 桌面监控服务: 启用
2026-05-19 15:59:55,819 - __main__ - INFO - 使用多线程并行启动服务...
2026-05-19 15:59:55,820 - __main__ - DEBUG - 启动线程: WebSocketServer
2026-05-19 15:59:55,821 - __main__ - DEBUG - 启动线程: APIServer
2026-05-19 15:59:55,821 - __main__ - DEBUG - 启动线程: ScreenMonitor
2026-05-19 15:59:55,822 - __main__ - DEBUG - 启动线程: VideoEditor
2026-05-19 15:59:55,823 - __main__ - INFO - 启动 AI 服务...
2026-05-19 15:59:55,823 - __main__ - DEBUG - 启动线程: AIService
2026-05-19 15:59:55,823 - __main__ - INFO - AI 服务启动成功
2026-05-19 15:59:55,825 - __main__ - INFO - 启动本地模型服务...
2026-05-19 15:59:55,825 - __main__ - DEBUG - 启动线程: LocalModelService
2026-05-19 15:59:55,857 - __main__ - INFO - 本地模型服务启动成功
2026-05-19 15:59:55,903 - __main__ - INFO - 启动 WebSocket 服务: 0.0.0.0:15000
2026-05-19 15:59:55,906 - __main__ - INFO - 启动视频剪辑服务: 15010
2026-05-19 15:59:55,914 - __main__ - INFO - 视频剪辑服务启动成功: 15010
2026-05-19 15:59:55,920 - __main__ - INFO - WebSocket 服务启动成功: 0.0.0.0:15000
2026-05-19 15:59:55,978 - __main__ - INFO - 启动桌面监控服务: 15005
2026-05-19 15:59:55,994 - __main__ - INFO - 启动 API 服务: 0.0.0.0:15002
2026-05-19 15:59:55,999 - __main__ - INFO - API 服务启动成功: 0.0.0.0:15002
2026-05-19 15:59:56,086 - __main__ - INFO - 桌面监控服务启动成功: 15005
2026-05-19 15:59:56,087 - __main__ - INFO - ==================================================
2026-05-19 15:59:56,087 - __main__ - INFO - 所有服务启动完成
2026-05-19 15:59:56,087 - __main__ - INFO - ==================================================
